-- The C compiler identification is AppleClang 21.0.0.21000101
-- The CXX compiler identification is AppleClang 21.0.0.21000101
-- Detecting C compiler ABI info
-- Detecting C compiler ABI info - done
-- Check for working C compiler: /Applications/Xcode_26.6.app/Contents/Developer/Toolchains/XcodeDefault.xctoolchain/usr/bin/clang - skipped
-- Detecting C compile features
-- Detecting C compile features - done
-- Detecting CXX compiler ABI info
-- Detecting CXX compiler ABI info - done
-- Check for working CXX compiler: /Applications/Xcode_26.6.app/Contents/Developer/Toolchains/XcodeDefault.xctoolchain/usr/bin/clang++ - skipped
-- Detecting CXX compile features
-- Detecting CXX compile features - done
-- Performing Test CMAKE_HAVE_LIBC_PTHREAD
-- Performing Test CMAKE_HAVE_LIBC_PTHREAD - Success
-- Found Threads: TRUE
-- Performing Test HAVE_CXX_ATOMICS_WITHOUT_LIB
-- Performing Test HAVE_CXX_ATOMICS_WITHOUT_LIB - Success
-- Performing Test HAVE_CXX_ATOMICS8_WITHOUT_LIB
-- Performing Test HAVE_CXX_ATOMICS8_WITHOUT_LIB - Success
-- Performing Test HAVE_CXX_ATOMICS64_WITHOUT_LIB
-- Performing Test HAVE_CXX_ATOMICS64_WITHOUT_LIB - Success
CMake Warning (policy) at /opt/homebrew/share/cmake/Modules/FeatureSummary.cmake:969 (cmake_policy):
  Policy CMP0183 is not set: add_feature_info() supports full Condition
  Syntax.  Run "cmake --help-policy CMP0183" for policy details.  Use the
  cmake_policy command to set the policy and suppress this warning.
Call Stack (most recent call first):
  cmake/Modules/LibtorrentMacros.cmake:10 (add_feature_info)
  CMakeLists.txt:733 (feature_option)
This warning is for project developers.  Use -Wno-author or -Wno-policy to
suppress it.

CMake Warning (policy) at /opt/homebrew/share/cmake/Modules/FeatureSummary.cmake:969 (cmake_policy):
  Policy CMP0183 is not set: add_feature_info() supports full Condition
  Syntax.  Run "cmake --help-policy CMP0183" for policy details.  Use the
  cmake_policy command to set the policy and suppress this warning.
Call Stack (most recent call first):
  cmake/Modules/LibtorrentMacros.cmake:10 (add_feature_info)
  CMakeLists.txt:734 (feature_option)
This warning is for project developers.  Use -Wno-author or -Wno-policy to
suppress it.

CMake Warning (policy) at /opt/homebrew/share/cmake/Modules/FeatureSummary.cmake:969 (cmake_policy):
  Policy CMP0183 is not set: add_feature_info() supports full Condition
  Syntax.  Run "cmake --help-policy CMP0183" for policy details.  Use the
  cmake_policy command to set the policy and suppress this warning.
Call Stack (most recent call first):
  cmake/Modules/LibtorrentMacros.cmake:10 (add_feature_info)
  CMakeLists.txt:735 (feature_option)
This warning is for project developers.  Use -Wno-author or -Wno-policy to
suppress it.

CMake Warning (policy) at /opt/homebrew/share/cmake/Modules/FeatureSummary.cmake:969 (cmake_policy):
  Policy CMP0183 is not set: add_feature_info() supports full Condition
  Syntax.  Run "cmake --help-policy CMP0183" for policy details.  Use the
  cmake_policy command to set the policy and suppress this warning.
Call Stack (most recent call first):
  cmake/Modules/LibtorrentMacros.cmake:36 (add_feature_info)
  CMakeLists.txt:739 (target_optional_compile_definitions)
This warning is for project developers.  Use -Wno-author or -Wno-policy to
suppress it.

CMake Warning (policy) at /opt/homebrew/share/cmake/Modules/FeatureSummary.cmake:969 (cmake_policy):
  Policy CMP0183 is not set: add_feature_info() supports full Condition
  Syntax.  Run "cmake --help-policy CMP0183" for policy details.  Use the
  cmake_policy command to set the policy and suppress this warning.
Call Stack (most recent call first):
  cmake/Modules/LibtorrentMacros.cmake:36 (add_feature_info)
  CMakeLists.txt:754 (target_optional_compile_definitions)
This warning is for project developers.  Use -Wno-author or -Wno-policy to
suppress it.

-- Found OpenSSL: /opt/homebrew/Cellar/openssl@3/3.6.3/lib/libcrypto.dylib (found version "3.6.3")
CMake Warning (policy) at cmake/Modules/LibtorrentMacros.cmake:43 (find_package):
  Policy CMP0167 is not set: The FindBoost module is removed.  Run "cmake
  --help-policy CMP0167" for policy details.  Use the cmake_policy command to
  set the policy and suppress this warning.
Call Stack (most recent call first):
  CMakeLists.txt:876 (find_public_dependency)
This warning is for project developers.  Use -Wno-author or -Wno-policy to
suppress it.

-- Found Boost: /opt/homebrew/lib/cmake/Boost-1.90.0/BoostConfig.cmake (found version "1.90.0")
-- The following features have been enabled:

 * dht, enable support for Mainline DHT
 * encryption, Enables encryption in libtorrent
 * exceptions, build with exception support
 * extensions, Enables protocol extensions
 * i2p, build with I2P support
 * logging, build with logging
 * mutable-torrents, Enables mutable torrent support
 * streaming, Enables support for piece deadline

-- The following RECOMMENDED packages have been found:

 * OpenSSL, Full-strength general purpose cryptography library, <https://www.openssl.org/>
   Provides HTTPS support to libtorrent

-- The following REQUIRED packages have been found:

 * Threads
 * boost_headers (required version == 1.90.0)
 * Boost

-- The following features have been disabled:

 * BUILD_SHARED_LIBS, build libtorrent as a shared library
 * static_runtime, build libtorrent with static runtime
 * build_tests, build tests
 * build_examples, build examples
 * build_tools, build tools
 * python-bindings, build python bindings
 * python-egg-info, generate python egg info
 * python-install-system-dir, Install python bindings to the system installation directory rather than the CMake installation prefix
 * deprecated-functions, enable deprecated functions for backwards compatibility
 * gnutls, build using GnuTLS instead of OpenSSL
 * webtorrent, build with WebTorrent support

-- Configuring done (31.7s)
-- Generating done (0.1s)
-- Build files have been written to: /Users/runner/work/BTMobile-iOS-Build/BTMobile-iOS-Build/source/Submodules/LibTorrent-Swift/libtorrent-build
